
==========================================================================================
INICIO CSV: vehicles_step_sim_1 | runs=100 | source=vehicles_step_sim_1.csv
==========================================================================================

[csv-worker_0] [vehicles_step_sim_1] ===== LOG RUN 001 INICIO =====
======================================================================
🚗 PROCESSAMENTO SUMO → E1 REGISTRY (OFFSET ALEATÓRIO - veh0)
======================================================================
📄 Entrada: ../data/vehicles_step_sim_1.csv
🏭 Consumo fabricante: 12.0 km/l
💰 Preço carbono: R$ 50.0/ton
⭕ Raio máximo do offset aleatório: 2.0 km
🎲 Offset gerado aleatoriamente:
   Ângulo: 106.8°
   Distância: 0.9386 km
   offset_x (lat): -0.002431°  |  offset_y (lon): 0.008074°
📊 Row stepping: Processando todas as linhas
🗺️  Map matching: ATIVADO (raio 1500m) - pontos snapped para ruas
📐 Cálculo de distância: HAVERSINE PURO dos pontos COM snap (consistência)
======================================================================

📊 Carregando dados SUMO...

[csv-worker_2] iniciou arquivo vehicles_step_sim_2 (100 runs)

[csv-worker_4] iniciou arquivo vehicles_step_sim_4 (100 runs)

[csv-worker_5] iniciou arquivo vehicles_step_sim_5 (100 runs)

[csv-worker_6] iniciou arquivo vehicles_step_sim_6 (100 runs)

[csv-worker_3] iniciou arquivo vehicles_step_sim_3 (100 runs)

[csv-worker_1] [vehicles_step_sim_10] ▶ run 001/100 (1.0% do worker neste CSV)
[csv-worker_1] [vehicles_step_sim_10] ✅ run 001/100 finalizada (log em ../data/offset_batch/_logs/csv-worker_1.log)

[csv-worker_1] [vehicles_step_sim_10] ▶ run 002/100 (2.0% do worker neste CSV)
[csv-worker_1] [vehicles_step_sim_10] ✅ run 002/100 finalizada (log em ../data/offset_batch/_logs/csv-worker_1.log)

[csv-worker_1] [vehicles_step_sim_10] ▶ run 003/100 (3.0% do worker neste CSV)

💾 Dados agregados salvos em: ../data/offset_batch/vehicles_step_sim_1/run_001.csv
[csv-worker_0] [vehicles_step_sim_1] ===== LOG RUN 001 FIM =====

==========================================================================================
INICIO CSV: vehicles_step_sim_1 | runs=100 | source=vehicles_step_sim_1.csv
==========================================================================================

==========================================================================================
INICIO CSV: vehicles_step_sim_1 | runs=100 | source=vehicles_step_sim_1.csv
==========================================================================================
