
==========================================================================================
INICIO CSV: vehicles_step_sim_7 | runs=100 | source=vehicles_step_sim_7.csv
==========================================================================================

==========================================================================================
INICIO CSV: vehicles_step_sim_7 | runs=100 | source=vehicles_step_sim_7.csv
==========================================================================================

==========================================================================================
INICIO CSV: vehicles_step_sim_7 | runs=100 | source=vehicles_step_sim_7.csv
==========================================================================================

[csv-worker_7] [vehicles_step_sim_7] ===== LOG RUN 001 INICIO =====
======================================================================
🚗 PROCESSAMENTO SUMO → E1 REGISTRY (OFFSET ALEATÓRIO - veh0)
======================================================================
📄 Entrada: ../data/vehicles_step_sim_7.csv
🏭 Consumo fabricante: 12.0 km/l
💰 Preço carbono: R$ 50.0/ton
⭕ Raio máximo do offset aleatório: 2.0 km
🎲 Offset gerado aleatoriamente:
   Ângulo: 20.9°
   Distância: 0.6593 km
   offset_x (lat): 0.005532°  |  offset_y (lon): 0.002113°
📊 Row stepping: Processando todas as linhas
🗺️  Map matching: ATIVADO (raio 1500m) - pontos snapped para ruas
📐 Cálculo de distância: HAVERSINE PURO dos pontos COM snap (consistência)
======================================================================

📊 Carregando dados SUMO...

💾 Dados agregados salvos em: ../data/offset_batch/vehicles_step_sim_7/run_001.csv
[csv-worker_7] [vehicles_step_sim_7] ===== LOG RUN 001 FIM =====
