
==========================================================================================
INICIO CSV: vehicles_step_sim_5 | runs=100 | source=vehicles_step_sim_5.csv
==========================================================================================

[csv-worker_5] [vehicles_step_sim_5] ===== LOG RUN 001 INICIO =====
======================================================================
🚗 PROCESSAMENTO SUMO → E1 REGISTRY (OFFSET ALEATÓRIO - veh0)
======================================================================
📄 Entrada: ../data/vehicles_step_sim_5.csv
🏭 Consumo fabricante: 12.0 km/l
💰 Preço carbono: R$ 50.0/ton
⭕ Raio máximo do offset aleatório: 2.0 km
🎲 Offset gerado aleatoriamente:
   Ângulo: 130.2°
   Distância: 1.3283 km
   offset_x (lat): -0.007706°  |  offset_y (lon): 0.009110°
📊 Row stepping: Processando todas as linhas
🗺️  Map matching: ATIVADO (raio 1500m) - pontos snapped para ruas
📐 Cálculo de distância: HAVERSINE PURO dos pontos COM snap (consistência)
======================================================================

📊 Carregando dados SUMO...
   Total de registros no arquivo: 323
   Veículos únicos: 1
   🚙 Vehicle selecionado: carro_1000

🔄 Agregando viagens por vehicle_id...

[csv-worker_9] iniciou arquivo vehicles_step_sim_9 (100 runs)

[csv-worker_8] iniciou arquivo vehicles_step_sim_8 (100 runs)
   Total de registros no arquivo: 222
   Veículos únicos: 1
   🚙 Vehicle selecionado: carro_1000

🔄 Agregando viagens por vehicle_id...

[csv-worker_6] [vehicles_step_sim_6] ▶ run 001/100 (1.0% do worker neste CSV)

💾 Dados agregados salvos em: ../data/offset_batch/vehicles_step_sim_5/run_001.csv
[csv-worker_5] [vehicles_step_sim_5] ===== LOG RUN 001 FIM =====

==========================================================================================
INICIO CSV: vehicles_step_sim_5 | runs=100 | source=vehicles_step_sim_5.csv
==========================================================================================

==========================================================================================
INICIO CSV: vehicles_step_sim_5 | runs=100 | source=vehicles_step_sim_5.csv
==========================================================================================
