
==========================================================================================
INICIO CSV: vehicles_step_sim_10 | runs=100 | source=vehicles_step_sim_10.csv
==========================================================================================

[csv-worker_1] [vehicles_step_sim_10] ===== LOG RUN 001 INICIO =====
======================================================================
🚗 PROCESSAMENTO SUMO → E1 REGISTRY (OFFSET ALEATÓRIO - veh0)
======================================================================
📄 Entrada: ../data/vehicles_step_sim_10.csv
🏭 Consumo fabricante: 12.0 km/l
💰 Preço carbono: R$ 50.0/ton
⭕ Raio máximo do offset aleatório: 2.0 km
🎲 Offset gerado aleatoriamente:
   Ângulo: 308.6°
   Distância: 1.3132 km
   offset_x (lat): 0.007354°  |  offset_y (lon): -0.009224°
📊 Row stepping: Processando todas as linhas
🗺️  Map matching: ATIVADO (raio 1500m) - pontos snapped para ruas
📐 Cálculo de distância: HAVERSINE PURO dos pontos COM snap (consistência)
======================================================================

📊 Carregando dados SUMO...

[csv-worker_2] [vehicles_step_sim_2] ▶ run 001/100 (1.0% do worker neste CSV)

💾 Dados agregados salvos em: ../data/offset_batch/vehicles_step_sim_10/run_001.csv
[csv-worker_1] [vehicles_step_sim_10] ===== LOG RUN 001 FIM =====

[csv-worker_1] [vehicles_step_sim_10] ===== LOG RUN 002 INICIO =====
======================================================================
🚗 PROCESSAMENTO SUMO → E1 REGISTRY (OFFSET ALEATÓRIO - veh0)
======================================================================
📄 Entrada: ../data/vehicles_step_sim_10.csv
🏭 Consumo fabricante: 12.0 km/l
💰 Preço carbono: R$ 50.0/ton
⭕ Raio máximo do offset aleatório: 2.0 km
🎲 Offset gerado aleatoriamente:
   Ângulo: 215.7°
   Distância: 1.4947 km
   offset_x (lat): -0.010909°  |  offset_y (lon): -0.007829°
📊 Row stepping: Processando todas as linhas
🗺️  Map matching: ATIVADO (raio 1500m) - pontos snapped para ruas
📐 Cálculo de distância: HAVERSINE PURO dos pontos COM snap (consistência)
======================================================================

📊 Carregando dados SUMO...
   Total de registros no arquivo: 301
   Veículos únicos: 1
   🚙 Vehicle selecionado: carro_1000

🔄 Agregando viagens por vehicle_id...

   [DEBUG] Iniciando verificação de pontos duplicados para SUMO_carro_1000...

   [DEBUG] Ponto duplicado encontrado no índice 1: (40.7647751, -73.9685745)
      ==> Duplicado mantido (FORCE_UNIQUE_POINTS=False).

   [DEBUG] Ponto duplicado encontrado no índice 3: (40.7646631, -73.9684174)
      ==> Duplicado mantido (FORCE_UNIQUE_POINTS=False).

   [DEBUG] Ponto duplicado encontrado no índice 4: (40.7646631, -73.9684174)
      ==> Duplicado mantido (FORCE_UNIQUE_POINTS=False).

   [DEBUG] Ponto duplicado encontrado no índice 5: (40.7646631, -73.9684174)
      ==> Duplicado mantido (FORCE_UNIQUE_POINTS=False).

   [DEBUG] Ponto duplicado encontrado no índice 7: (40.7643078, -73.9689143)
      ==> Duplicado mantido (FORCE_UNIQUE_POINTS=False).

   [DEBUG] Ponto duplicado encontrado no índice 8: (40.7643078, -73.9689143)
      ==> Duplicado mantido (FORCE_UNIQUE_POINTS=False).

   [DEBUG] Ponto duplicado encontrado no índice 12: (40.7640354, -73.968874)
      ==> Duplicado mantido (FORCE_UNIQUE_POINTS=False).

   [DEBUG] Ponto duplicado encontrado no índice 14: (40.7636789, -73.9693709)
      ==> Duplicado mantido (FORCE_UNIQUE_POINTS=False).

   [DEBUG] Ponto duplicado encontrado no índice 18: (40.763406, -73.9693341)
      ==> Duplicado mantido (FORCE_UNIQUE_POINTS=False).

   [DEBUG] Ponto duplicado encontrado no índice 19: (40.763406, -73.9693341)
      ==> Duplicado mantido (FORCE_UNIQUE_POINTS=False).

   [DEBUG] Ponto duplicado encontrado no índice 22: (40.7629381, -73.9696725)
      ==> Duplicado mantido (FORCE_UNIQUE_POINTS=False).

   [DEBUG] Ponto duplicado encontrado no índice 26: (40.7627955, -73.969779)
      ==> Duplicado mantido (FORCE_UNIQUE_POINTS=False).

   [DEBUG] Ponto duplicado encontrado no índice 27: (40.7627955, -73.969779)
      ==> Duplicado mantido (FORCE_UNIQUE_POINTS=False).

   [DEBUG] Ponto duplicado encontrado no índice 28: (40.7627955, -73.969779)
      ==> Duplicado mantido (FORCE_UNIQUE_POINTS=False).

   [DEBUG] Ponto duplicado encontrado no índice 29: (40.7627955, -73.969779)
      ==> Duplicado mantido (FORCE_UNIQUE_POINTS=False).

   [DEBUG] Ponto duplicado encontrado no índice 32: (40.7627472, -73.9694281)
      ==> Duplicado mantido (FORCE_UNIQUE_POINTS=False).

   [DEBUG] Ponto duplicado encontrado no índice 33: (40.7627472, -73.9694281)
      ==> Duplicado mantido (FORCE_UNIQUE_POINTS=False).

   [DEBUG] Ponto duplicado encontrado no índice 34: (40.7627472, -73.9694281)
      ==> Duplicado mantido (FORCE_UNIQUE_POINTS=False).

   [DEBUG] Ponto duplicado encontrado no índice 35: (40.7627472, -73.9694281)
      ==> Duplicado mantido (FORCE_UNIQUE_POINTS=False).

   [DEBUG] Ponto duplicado encontrado no índice 36: (40.7627472, -73.9694281)
      ==> Duplicado mantido (FORCE_UNIQUE_POINTS=False).

   [DEBUG] Ponto duplicado encontrado no índice 38: (40.7622707, -73.9682938)
      ==> Duplicado mantido (FORCE_UNIQUE_POINTS=False).

   [DEBUG] Ponto duplicado encontrado no índice 39: (40.7622707, -73.9682938)
      ==> Duplicado mantido (FORCE_UNIQUE_POINTS=False).

   [DEBUG] Ponto duplicado encontrado no índice 40: (40.7622707, -73.9682938)
      ==> Duplicado mantido (FORCE_UNIQUE_POINTS=False).

   [DEBUG] Ponto duplicado encontrado no índice 42: (40.7621696, -73.9682273)
      ==> Duplicado mantido (FORCE_UNIQUE_POINTS=False).

   [DEBUG] Ponto duplicado encontrado no índice 45: (40.7621161, -73.9679144)
      ==> Duplicado mantido (FORCE_UNIQUE_POINTS=False).

   [DEBUG] Ponto duplicado encontrado no índice 47: (40.7618695, -73.9673247)
      ==> Duplicado mantido (FORCE_UNIQUE_POINTS=False).

   [DEBUG] Ponto duplicado encontrado no índice 48: (40.7618695, -73.9673247)
      ==> Duplicado mantido (FORCE_UNIQUE_POINTS=False).

   [DEBUG] Ponto duplicado encontrado no índice 49: (40.7618695, -73.9673247)
      ==> Duplicado mantido (FORCE_UNIQUE_POINTS=False).

   [DEBUG] Ponto duplicado encontrado no índice 51: (40.7616142, -73.9667139)
      ==> Duplicado mantido (FORCE_UNIQUE_POINTS=False).

   [DEBUG] Ponto duplicado encontrado no índice 53: (40.7615003, -73.9666304)
      ==> Duplicado mantido (FORCE_UNIQUE_POINTS=False).

   [DEBUG] Ponto duplicado encontrado no índice 54: (40.7615003, -73.9666304)
      ==> Duplicado mantido (FORCE_UNIQUE_POINTS=False).

   [DEBUG] Ponto duplicado encontrado no índice 55: (40.7615003, -73.9666304)
      ==> Duplicado mantido (FORCE_UNIQUE_POINTS=False).

   [DEBUG] Ponto duplicado encontrado no índice 57: (40.7616202, -73.9665469)
      ==> Duplicado mantido (FORCE_UNIQUE_POINTS=False).

   [DEBUG] Ponto duplicado encontrado no índice 58: (40.7616202, -73.9665469)
      ==> Duplicado mantido (FORCE_UNIQUE_POINTS=False).

   [DEBUG] Ponto duplicado encontrado no índice 59: (40.7616202, -73.9665469)
      ==> Duplicado mantido (FORCE_UNIQUE_POINTS=False).

   [DEBUG] Ponto duplicado encontrado no índice 61: (40.7621313, -73.9661743)
      ==> Duplicado mantido (FORCE_UNIQUE_POINTS=False).

   [DEBUG] Ponto duplicado encontrado no índice 62: (40.7621313, -73.9661743)
      ==> Duplicado mantido (FORCE_UNIQUE_POINTS=False).

   [DEBUG] Ponto duplicado encontrado no índice 63: (40.7621313, -73.9661743)
      ==> Duplicado mantido (FORCE_UNIQUE_POINTS=False).

   [DEBUG] Ponto duplicado encontrado no índice 65: (40.7622468, -73.966249)
      ==> Duplicado mantido (FORCE_UNIQUE_POINTS=False).

   [DEBUG] Ponto duplicado encontrado no índice 67: (40.7624118, -73.9666361)
      ==> Duplicado mantido (FORCE_UNIQUE_POINTS=False).

   [DEBUG] Ponto duplicado encontrado no índice 68: (40.7624118, -73.9666361)
      ==> Duplicado mantido (FORCE_UNIQUE_POINTS=False).

   [DEBUG] Ponto duplicado encontrado no índice 69: (40.7624118, -73.9666361)
      ==> Duplicado mantido (FORCE_UNIQUE_POINTS=False).

   [DEBUG] Ponto duplicado encontrado no índice 71: (40.7625775, -73.9670246)
      ==> Duplicado mantido (FORCE_UNIQUE_POINTS=False).

   [DEBUG] Ponto duplicado encontrado no índice 72: (40.7625775, -73.9670246)
      ==> Duplicado mantido (FORCE_UNIQUE_POINTS=False).

   [DEBUG] Ponto duplicado encontrado no índice 74: (40.7628025, -73.9675523)
      ==> Duplicado mantido (FORCE_UNIQUE_POINTS=False).

   [DEBUG] Ponto duplicado encontrado no índice 75: (40.7628025, -73.9675523)
      ==> Duplicado mantido (FORCE_UNIQUE_POINTS=False).

   [DEBUG] Ponto duplicado encontrado no índice 76: (40.7628025, -73.9675523)
      ==> Duplicado mantido (FORCE_UNIQUE_POINTS=False).

   [DEBUG] Ponto duplicado encontrado no índice 79: (40.7625556, -73.9679575)
      ==> Duplicado mantido (FORCE_UNIQUE_POINTS=False).

   [DEBUG] Ponto duplicado encontrado no índice 80: (40.7625556, -73.9679575)
      ==> Duplicado mantido (FORCE_UNIQUE_POINTS=False).

   [DEBUG] Ponto duplicado encontrado no índice 82: (40.7621814, -73.9680704)
      ==> Duplicado mantido (FORCE_UNIQUE_POINTS=False).

   [DEBUG] Ponto duplicado encontrado no índice 83: (40.7621814, -73.9680704)
      ==> Duplicado mantido (FORCE_UNIQUE_POINTS=False).

   [DEBUG] Ponto duplicado encontrado no índice 84: (40.7621814, -73.9680704)
      ==> Duplicado mantido (FORCE_UNIQUE_POINTS=False).

   [DEBUG] Ponto duplicado encontrado no índice 85: (40.7621814, -73.9680704)
      ==> Duplicado mantido (FORCE_UNIQUE_POINTS=False).

   [DEBUG] Ponto duplicado encontrado no índice 86: (40.7621161, -73.9679144)
      ==> Duplicado mantido (FORCE_UNIQUE_POINTS=False).

   [DEBUG] Ponto duplicado encontrado no índice 87: (40.7621161, -73.9679144)
      ==> Duplicado mantido (FORCE_UNIQUE_POINTS=False).

   [DEBUG] Ponto duplicado encontrado no índice 88: (40.7621161, -73.9679144)
      ==> Duplicado mantido (FORCE_UNIQUE_POINTS=False).

   [DEBUG] Ponto duplicado encontrado no índice 89: (40.7621161, -73.9679144)
      ==> Duplicado mantido (FORCE_UNIQUE_POINTS=False).

   [DEBUG] Ponto duplicado encontrado no índice 90: (40.7618695, -73.9673247)
      ==> Duplicado mantido (FORCE_UNIQUE_POINTS=False).

   [DEBUG] Ponto duplicado encontrado no índice 91: (40.7618695, -73.9673247)
      ==> Duplicado mantido (FORCE_UNIQUE_POINTS=False).

   [DEBUG] Ponto duplicado encontrado no índice 92: (40.7618695, -73.9673247)
      ==> Duplicado mantido (FORCE_UNIQUE_POINTS=False).

   [DEBUG] Ponto duplicado encontrado no índice 93: (40.7618695, -73.9673247)
      ==> Duplicado mantido (FORCE_UNIQUE_POINTS=False).

   [DEBUG] Ponto duplicado encontrado no índice 94: (40.7616142, -73.9667139)
      ==> Duplicado mantido (FORCE_UNIQUE_POINTS=False).

   [DEBUG] Ponto duplicado encontrado no índice 95: (40.7616142, -73.9667139)
      ==> Duplicado mantido (FORCE_UNIQUE_POINTS=False).

   [DEBUG] Ponto duplicado encontrado no índice 96: (40.7615003, -73.9666304)
      ==> Duplicado mantido (FORCE_UNIQUE_POINTS=False).

   [DEBUG] Ponto duplicado encontrado no índice 97: (40.7615003, -73.9666304)
      ==> Duplicado mantido (FORCE_UNIQUE_POINTS=False).

   [DEBUG] Ponto duplicado encontrado no índice 98: (40.7615003, -73.9666304)
      ==> Duplicado mantido (FORCE_UNIQUE_POINTS=False).

   [DEBUG] Ponto duplicado encontrado no índice 100: (40.7616202, -73.9665469)
      ==> Duplicado mantido (FORCE_UNIQUE_POINTS=False).

   [DEBUG] Ponto duplicado encontrado no índice 101: (40.7616202, -73.9665469)
      ==> Duplicado mantido (FORCE_UNIQUE_POINTS=False).

   [DEBUG] Ponto duplicado encontrado no índice 102: (40.7616202, -73.9665469)
      ==> Duplicado mantido (FORCE_UNIQUE_POINTS=False).

   [DEBUG] Ponto duplicado encontrado no índice 103: (40.7621313, -73.9661743)
      ==> Duplicado mantido (FORCE_UNIQUE_POINTS=False).

   [DEBUG] Ponto duplicado encontrado no índice 104: (40.7621313, -73.9661743)
      ==> Duplicado mantido (FORCE_UNIQUE_POINTS=False).

   [DEBUG] Ponto duplicado encontrado no índice 105: (40.7621313, -73.9661743)
      ==> Duplicado mantido (FORCE_UNIQUE_POINTS=False).

   [DEBUG] Ponto duplicado encontrado no índice 106: (40.7621313, -73.9661743)
      ==> Duplicado mantido (FORCE_UNIQUE_POINTS=False).

   [DEBUG] Ponto duplicado encontrado no índice 107: (40.7621313, -73.9661743)
      ==> Duplicado mantido (FORCE_UNIQUE_POINTS=False).

   [DEBUG] Ponto duplicado encontrado no índice 108: (40.7622468, -73.966249)
      ==> Duplicado mantido (FORCE_UNIQUE_POINTS=False).

   [DEBUG] Ponto duplicado encontrado no índice 109: (40.7622468, -73.966249)
      ==> Duplicado mantido (FORCE_UNIQUE_POINTS=False).

   [DEBUG] Ponto duplicado encontrado no índice 110: (40.7624118, -73.9666361)
      ==> Duplicado mantido (FORCE_UNIQUE_POINTS=False).

   [DEBUG] Ponto duplicado encontrado no índice 111: (40.7624118, -73.9666361)
      ==> Duplicado mantido (FORCE_UNIQUE_POINTS=False).

   [DEBUG] Ponto duplicado encontrado no índice 112: (40.7624118, -73.9666361)
      ==> Duplicado mantido (FORCE_UNIQUE_POINTS=False).

   [DEBUG] Ponto duplicado encontrado no índice 113: (40.7624118, -73.9666361)
      ==> Duplicado mantido (FORCE_UNIQUE_POINTS=False).

   [DEBUG] Ponto duplicado encontrado no índice 114: (40.7625775, -73.9670246)
      ==> Duplicado mantido (FORCE_UNIQUE_POINTS=False).

   [DEBUG] Ponto duplicado encontrado no índice 115: (40.7625775, -73.9670246)
      ==> Duplicado mantido (FORCE_UNIQUE_POINTS=False).

   [DEBUG] Ponto duplicado encontrado no índice 116: (40.7625775, -73.9670246)
      ==> Duplicado mantido (FORCE_UNIQUE_POINTS=False).

   [DEBUG] Ponto duplicado encontrado no índice 117: (40.7628025, -73.9675523)
      ==> Duplicado mantido (FORCE_UNIQUE_POINTS=False).

   [DEBUG] Ponto duplicado encontrado no índice 118: (40.7628025, -73.9675523)
      ==> Duplicado mantido (FORCE_UNIQUE_POINTS=False).

   [DEBUG] Ponto duplicado encontrado no índice 119: (40.7628025, -73.9675523)
      ==> Duplicado mantido (FORCE_UNIQUE_POINTS=False).

   [DEBUG] Ponto duplicado encontrado no índice 120: (40.7628025, -73.9675523)
      ==> Duplicado mantido (FORCE_UNIQUE_POINTS=False).

   [DEBUG] Ponto duplicado encontrado no índice 121: (40.7628033, -73.9677726)
      ==> Duplicado mantido (FORCE_UNIQUE_POINTS=False).

   [DEBUG] Ponto duplicado encontrado no índice 122: (40.7628033, -73.9677726)
      ==> Duplicado mantido (FORCE_UNIQUE_POINTS=False).

   [DEBUG] Ponto duplicado encontrado no índice 125: (40.7631128, -73.9683004)
      ==> Duplicado mantido (FORCE_UNIQUE_POINTS=False).

   [DEBUG] Ponto duplicado encontrado no índice 126: (40.7631128, -73.9683004)
      ==> Duplicado mantido (FORCE_UNIQUE_POINTS=False).

   [DEBUG] Ponto duplicado encontrado no índice 128: (40.7631988, -73.9685097)
      ==> Duplicado mantido (FORCE_UNIQUE_POINTS=False).

   [DEBUG] Ponto duplicado encontrado no índice 129: (40.7631988, -73.9685097)
      ==> Duplicado mantido (FORCE_UNIQUE_POINTS=False).

   [DEBUG] Ponto duplicado encontrado no índice 130: (40.7631988, -73.9685097)
      ==> Duplicado mantido (FORCE_UNIQUE_POINTS=False).

   [DEBUG] Ponto duplicado encontrado no índice 132: (40.7634373, -73.9690897)
      ==> Duplicado mantido (FORCE_UNIQUE_POINTS=False).

   [DEBUG] Ponto duplicado encontrado no índice 133: (40.7634373, -73.9690897)
      ==> Duplicado mantido (FORCE_UNIQUE_POINTS=False).

   [DEBUG] Ponto duplicado encontrado no índice 135: (40.7634584, -73.9691411)
      ==> Duplicado mantido (FORCE_UNIQUE_POINTS=False).

   [DEBUG] Ponto duplicado encontrado no índice 136: (40.7634584, -73.9691411)
      ==> Duplicado mantido (FORCE_UNIQUE_POINTS=False).

   [DEBUG] Ponto duplicado encontrado no índice 137: (40.7635591, -73.9692235)
      ==> Duplicado mantido (FORCE_UNIQUE_POINTS=False).

   [DEBUG] Ponto duplicado encontrado no índice 138: (40.7635591, -73.9692235)
      ==> Duplicado mantido (FORCE_UNIQUE_POINTS=False).

   [DEBUG] Ponto duplicado encontrado no índice 139: (40.7640354, -73.968874)
      ==> Duplicado mantido (FORCE_UNIQUE_POINTS=False).

   [DEBUG] Ponto duplicado encontrado no índice 140: (40.7640354, -73.968874)
      ==> Duplicado mantido (FORCE_UNIQUE_POINTS=False).

   [DEBUG] Ponto duplicado encontrado no índice 141: (40.7640354, -73.968874)
      ==> Duplicado mantido (FORCE_UNIQUE_POINTS=False).

   [DEBUG] Ponto duplicado encontrado no índice 143: (40.7640609, -73.9686408)
      ==> Duplicado mantido (FORCE_UNIQUE_POINTS=False).

   [DEBUG] Ponto duplicado encontrado no índice 144: (40.7640609, -73.9686408)
      ==> Duplicado mantido (FORCE_UNIQUE_POINTS=False).

   [DEBUG] Ponto duplicado encontrado no índice 145: (40.7640609, -73.9686408)
      ==> Duplicado mantido (FORCE_UNIQUE_POINTS=False).

   [DEBUG] Ponto duplicado encontrado no índice 146: (40.7640609, -73.9686408)
      ==> Duplicado mantido (FORCE_UNIQUE_POINTS=False).

   [DEBUG] Ponto duplicado encontrado no índice 147: (40.7640609, -73.9686408)
      ==> Duplicado mantido (FORCE_UNIQUE_POINTS=False).

   [DEBUG] Ponto duplicado encontrado no índice 149: (40.7635264, -73.9673717)
      ==> Duplicado mantido (FORCE_UNIQUE_POINTS=False).

   [DEBUG] Ponto duplicado encontrado no índice 150: (40.7635264, -73.9673717)
      ==> Duplicado mantido (FORCE_UNIQUE_POINTS=False).

   [DEBUG] Ponto duplicado encontrado no índice 151: (40.7635264, -73.9673717)
      ==> Duplicado mantido (FORCE_UNIQUE_POINTS=False).

   [DEBUG] Ponto duplicado encontrado no índice 152: (40.7635264, -73.9673717)
      ==> Duplicado mantido (FORCE_UNIQUE_POINTS=False).

   [DEBUG] Ponto duplicado encontrado no índice 153: (40.7635264, -73.9673717)
      ==> Duplicado mantido (FORCE_UNIQUE_POINTS=False).

   [DEBUG] Ponto duplicado encontrado no índice 155: (40.7634215, -73.9673172)
      ==> Duplicado mantido (FORCE_UNIQUE_POINTS=False).

   [DEBUG] Ponto duplicado encontrado no índice 156: (40.7634215, -73.9673172)
      ==> Duplicado mantido (FORCE_UNIQUE_POINTS=False).

   [DEBUG] Ponto duplicado encontrado no índice 158: (40.7632426, -73.9674482)
      ==> Duplicado mantido (FORCE_UNIQUE_POINTS=False).

   [DEBUG] Ponto duplicado encontrado no índice 159: (40.7632426, -73.9674482)
      ==> Duplicado mantido (FORCE_UNIQUE_POINTS=False).

   [DEBUG] Ponto duplicado encontrado no índice 161: (40.7629206, -73.9676833)
      ==> Duplicado mantido (FORCE_UNIQUE_POINTS=False).

   [DEBUG] Ponto duplicado encontrado no índice 163: (40.7628033, -73.9677726)
      ==> Duplicado mantido (FORCE_UNIQUE_POINTS=False).

   [DEBUG] Ponto duplicado encontrado no índice 164: (40.7625556, -73.9679575)
      ==> Duplicado mantido (FORCE_UNIQUE_POINTS=False).

   [DEBUG] Ponto duplicado encontrado no índice 165: (40.7625556, -73.9679575)
      ==> Duplicado mantido (FORCE_UNIQUE_POINTS=False).

   [DEBUG] Ponto duplicado encontrado no índice 166: (40.7625556, -73.9679575)
      ==> Duplicado mantido (FORCE_UNIQUE_POINTS=False).

   [DEBUG] Ponto duplicado encontrado no índice 167: (40.7622929, -73.9681468)
      ==> Duplicado mantido (FORCE_UNIQUE_POINTS=False).

   [DEBUG] Ponto duplicado encontrado no índice 168: (40.7621814, -73.9680704)
      ==> Duplicado mantido (FORCE_UNIQUE_POINTS=False).

   [DEBUG] Ponto duplicado encontrado no índice 169: (40.7621814, -73.9680704)
      ==> Duplicado mantido (FORCE_UNIQUE_POINTS=False).

   [DEBUG] Ponto duplicado encontrado no índice 170: (40.7621814, -73.9680704)
      ==> Duplicado mantido (FORCE_UNIQUE_POINTS=False).

   [DEBUG] Ponto duplicado encontrado no índice 171: (40.7621814, -73.9680704)
      ==> Duplicado mantido (FORCE_UNIQUE_POINTS=False).

   [DEBUG] Ponto duplicado encontrado no índice 172: (40.7621161, -73.9679144)
      ==> Duplicado mantido (FORCE_UNIQUE_POINTS=False).

   [DEBUG] Ponto duplicado encontrado no índice 173: (40.7621161, -73.9679144)
      ==> Duplicado mantido (FORCE_UNIQUE_POINTS=False).

   [DEBUG] Ponto duplicado encontrado no índice 174: (40.7621161, -73.9679144)
      ==> Duplicado mantido (FORCE_UNIQUE_POINTS=False).

   [DEBUG] Ponto duplicado encontrado no índice 175: (40.7618695, -73.9673247)
      ==> Duplicado mantido (FORCE_UNIQUE_POINTS=False).

   [DEBUG] Ponto duplicado encontrado no índice 176: (40.7618695, -73.9673247)
      ==> Duplicado mantido (FORCE_UNIQUE_POINTS=False).

   [DEBUG] Ponto duplicado encontrado no índice 177: (40.7618695, -73.9673247)
      ==> Duplicado mantido (FORCE_UNIQUE_POINTS=False).

   [DEBUG] Ponto duplicado encontrado no índice 178: (40.7618695, -73.9673247)
      ==> Duplicado mantido (FORCE_UNIQUE_POINTS=False).

   [DEBUG] Ponto duplicado encontrado no índice 179: (40.7616142, -73.9667139)
      ==> Duplicado mantido (FORCE_UNIQUE_POINTS=False).

   [DEBUG] Ponto duplicado encontrado no índice 180: (40.7616142, -73.9667139)
      ==> Duplicado mantido (FORCE_UNIQUE_POINTS=False).

   [DEBUG] Ponto duplicado encontrado no índice 181: (40.7615003, -73.9666304)
      ==> Duplicado mantido (FORCE_UNIQUE_POINTS=False).

   [DEBUG] Ponto duplicado encontrado no índice 182: (40.7615003, -73.9666304)
      ==> Duplicado mantido (FORCE_UNIQUE_POINTS=False).

   [DEBUG] Ponto duplicado encontrado no índice 183: (40.7615003, -73.9666304)
      ==> Duplicado mantido (FORCE_UNIQUE_POINTS=False).

   [DEBUG] Ponto duplicado encontrado no índice 184: (40.7615618, -73.966589)
      ==> Duplicado mantido (FORCE_UNIQUE_POINTS=False).

   [DEBUG] Ponto duplicado encontrado no índice 185: (40.7616202, -73.9665469)
      ==> Duplicado mantido (FORCE_UNIQUE_POINTS=False).

   [DEBUG] Ponto duplicado encontrado no índice 186: (40.7616202, -73.9665469)
      ==> Duplicado mantido (FORCE_UNIQUE_POINTS=False).

   [DEBUG] Ponto duplicado encontrado no índice 187: (40.7616202, -73.9665469)
      ==> Duplicado mantido (FORCE_UNIQUE_POINTS=False).

   [DEBUG] Ponto duplicado encontrado no índice 188: (40.7616202, -73.9665469)
      ==> Duplicado mantido (FORCE_UNIQUE_POINTS=False).

   [DEBUG] Ponto duplicado encontrado no índice 189: (40.7621313, -73.9661743)
      ==> Duplicado mantido (FORCE_UNIQUE_POINTS=False).

   [DEBUG] Ponto duplicado encontrado no índice 190: (40.7621313, -73.9661743)
      ==> Duplicado mantido (FORCE_UNIQUE_POINTS=False).

   [DEBUG] Ponto duplicado encontrado no índice 191: (40.7621313, -73.9661743)
      ==> Duplicado mantido (FORCE_UNIQUE_POINTS=False).

   [DEBUG] Ponto duplicado encontrado no índice 192: (40.7621313, -73.9661743)
      ==> Duplicado mantido (FORCE_UNIQUE_POINTS=False).

   [DEBUG] Ponto duplicado encontrado no índice 193: (40.7622468, -73.966249)
      ==> Duplicado mantido (FORCE_UNIQUE_POINTS=False).

   [DEBUG] Ponto duplicado encontrado no índice 194: (40.7622468, -73.966249)
      ==> Duplicado mantido (FORCE_UNIQUE_POINTS=False).

   [DEBUG] Ponto duplicado encontrado no índice 195: (40.7624118, -73.9666361)
      ==> Duplicado mantido (FORCE_UNIQUE_POINTS=False).

   [DEBUG] Ponto duplicado encontrado no índice 196: (40.7624118, -73.9666361)
      ==> Duplicado mantido (FORCE_UNIQUE_POINTS=False).

   [DEBUG] Ponto duplicado encontrado no índice 197: (40.7624118, -73.9666361)
      ==> Duplicado mantido (FORCE_UNIQUE_POINTS=False).

   [DEBUG] Ponto duplicado encontrado no índice 198: (40.7624118, -73.9666361)
      ==> Duplicado mantido (FORCE_UNIQUE_POINTS=False).

   [DEBUG] Ponto duplicado encontrado no índice 199: (40.7625775, -73.9670246)
      ==> Duplicado mantido (FORCE_UNIQUE_POINTS=False).

   [DEBUG] Ponto duplicado encontrado no índice 200: (40.7625775, -73.9670246)
      ==> Duplicado mantido (FORCE_UNIQUE_POINTS=False).

   [DEBUG] Ponto duplicado encontrado no índice 201: (40.7625775, -73.9670246)
      ==> Duplicado mantido (FORCE_UNIQUE_POINTS=False).

   [DEBUG] Ponto duplicado encontrado no índice 202: (40.7628025, -73.9675523)
      ==> Duplicado mantido (FORCE_UNIQUE_POINTS=False).

   [DEBUG] Ponto duplicado encontrado no índice 203: (40.7628025, -73.9675523)
      ==> Duplicado mantido (FORCE_UNIQUE_POINTS=False).

   [DEBUG] Ponto duplicado encontrado no índice 204: (40.7628025, -73.9675523)
      ==> Duplicado mantido (FORCE_UNIQUE_POINTS=False).

   [DEBUG] Ponto duplicado encontrado no índice 205: (40.7628025, -73.9675523)
      ==> Duplicado mantido (FORCE_UNIQUE_POINTS=False).

   [DEBUG] Ponto duplicado encontrado no índice 206: (40.7628033, -73.9677726)
      ==> Duplicado mantido (FORCE_UNIQUE_POINTS=False).

   [DEBUG] Ponto duplicado encontrado no índice 207: (40.7625556, -73.9679575)
      ==> Duplicado mantido (FORCE_UNIQUE_POINTS=False).

   [DEBUG] Ponto duplicado encontrado no índice 208: (40.7625556, -73.9679575)
      ==> Duplicado mantido (FORCE_UNIQUE_POINTS=False).

   [DEBUG] Ponto duplicado encontrado no índice 209: (40.7625556, -73.9679575)
      ==> Duplicado mantido (FORCE_UNIQUE_POINTS=False).

   [DEBUG] Ponto duplicado encontrado no índice 210: (40.7622929, -73.9681468)
      ==> Duplicado mantido (FORCE_UNIQUE_POINTS=False).

   [DEBUG] Ponto duplicado encontrado no índice 211: (40.7621814, -73.9680704)
      ==> Duplicado mantido (FORCE_UNIQUE_POINTS=False).

   [DEBUG] Ponto duplicado encontrado no índice 212: (40.7621814, -73.9680704)
      ==> Duplicado mantido (FORCE_UNIQUE_POINTS=False).

   [DEBUG] Ponto duplicado encontrado no índice 213: (40.7621696, -73.9682273)
      ==> Duplicado mantido (FORCE_UNIQUE_POINTS=False).

   [DEBUG] Ponto duplicado encontrado no índice 215: (40.761876, -73.9684429)
      ==> Duplicado mantido (FORCE_UNIQUE_POINTS=False).

   [DEBUG] Ponto duplicado encontrado no índice 216: (40.761876, -73.9684429)
      ==> Duplicado mantido (FORCE_UNIQUE_POINTS=False).

   [DEBUG] Ponto duplicado encontrado no índice 219: (40.7615697, -73.9685367)
      ==> Duplicado mantido (FORCE_UNIQUE_POINTS=False).

   [DEBUG] Ponto duplicado encontrado no índice 221: (40.7615438, -73.9686875)
      ==> Duplicado mantido (FORCE_UNIQUE_POINTS=False).

   [DEBUG] Ponto duplicado encontrado no índice 223: (40.7610263, -73.9690633)
      ==> Duplicado mantido (FORCE_UNIQUE_POINTS=False).

   [DEBUG] Ponto duplicado encontrado no índice 224: (40.7610263, -73.9690633)
      ==> Duplicado mantido (FORCE_UNIQUE_POINTS=False).

   [DEBUG] Ponto duplicado encontrado no índice 226: (40.7608876, -73.9690311)
      ==> Duplicado mantido (FORCE_UNIQUE_POINTS=False).

   [DEBUG] Ponto duplicado encontrado no índice 228: (40.7608363, -73.9692017)
      ==> Duplicado mantido (FORCE_UNIQUE_POINTS=False).

   [DEBUG] Ponto duplicado encontrado no índice 229: (40.7608363, -73.9692017)
      ==> Duplicado mantido (FORCE_UNIQUE_POINTS=False).

   [DEBUG] Ponto duplicado encontrado no índice 231: (40.7603094, -73.9695827)
      ==> Duplicado mantido (FORCE_UNIQUE_POINTS=False).

   [DEBUG] Ponto duplicado encontrado no índice 232: (40.7603094, -73.9695827)
      ==> Duplicado mantido (FORCE_UNIQUE_POINTS=False).

   [DEBUG] Ponto duplicado encontrado no índice 235: (40.7601979, -73.9696637)
      ==> Duplicado mantido (FORCE_UNIQUE_POINTS=False).

   [DEBUG] Ponto duplicado encontrado no índice 236: (40.7601979, -73.9696637)
      ==> Duplicado mantido (FORCE_UNIQUE_POINTS=False).

   [DEBUG] Ponto duplicado encontrado no índice 238: (40.7596919, -73.9700323)
      ==> Duplicado mantido (FORCE_UNIQUE_POINTS=False).

   [DEBUG] Ponto duplicado encontrado no índice 239: (40.7596919, -73.9700323)
      ==> Duplicado mantido (FORCE_UNIQUE_POINTS=False).

   [DEBUG] Ponto duplicado encontrado no índice 241: (40.7595952, -73.9699744)
      ==> Duplicado mantido (FORCE_UNIQUE_POINTS=False).

   [DEBUG] Ponto duplicado encontrado no índice 242: (40.7595952, -73.9699744)
      ==> Duplicado mantido (FORCE_UNIQUE_POINTS=False).

   [DEBUG] Ponto duplicado encontrado no índice 243: (40.7595952, -73.9699744)
      ==> Duplicado mantido (FORCE_UNIQUE_POINTS=False).

   [DEBUG] Ponto duplicado encontrado no índice 244: (40.7595952, -73.9699744)
      ==> Duplicado mantido (FORCE_UNIQUE_POINTS=False).

   [DEBUG] Ponto duplicado encontrado no índice 246: (40.7593687, -73.9694455)
      ==> Duplicado mantido (FORCE_UNIQUE_POINTS=False).

   [DEBUG] Ponto duplicado encontrado no índice 247: (40.7593687, -73.9694455)
      ==> Duplicado mantido (FORCE_UNIQUE_POINTS=False).

   [DEBUG] Ponto duplicado encontrado no índice 248: (40.7593687, -73.9694455)
      ==> Duplicado mantido (FORCE_UNIQUE_POINTS=False).

   [DEBUG] Ponto duplicado encontrado no índice 250: (40.7590133, -73.968616)
      ==> Duplicado mantido (FORCE_UNIQUE_POINTS=False).

   [DEBUG] Ponto duplicado encontrado no índice 252: (40.758894, -73.9685396)
      ==> Duplicado mantido (FORCE_UNIQUE_POINTS=False).

   [DEBUG] Ponto duplicado encontrado no índice 254: (40.7588976, -73.9683412)
      ==> Duplicado mantido (FORCE_UNIQUE_POINTS=False).

   [DEBUG] Ponto duplicado encontrado no índice 258: (40.7592078, -73.9682316)
      ==> Duplicado mantido (FORCE_UNIQUE_POINTS=False).

   [DEBUG] Ponto duplicado encontrado no índice 260: (40.7594939, -73.9679977)
      ==> Duplicado mantido (FORCE_UNIQUE_POINTS=False).

   [DEBUG] Ponto duplicado encontrado no índice 261: (40.7594939, -73.9679977)
      ==> Duplicado mantido (FORCE_UNIQUE_POINTS=False).

   [DEBUG] Ponto duplicado encontrado no índice 263: (40.7596014, -73.9680635)
      ==> Duplicado mantido (FORCE_UNIQUE_POINTS=False).

   [DEBUG] Ponto duplicado encontrado no índice 265: (40.7596403, -73.9681577)
      ==> Duplicado mantido (FORCE_UNIQUE_POINTS=False).

   [DEBUG] Ponto duplicado encontrado no índice 266: (40.7596403, -73.9681577)
      ==> Duplicado mantido (FORCE_UNIQUE_POINTS=False).

   [DEBUG] Ponto duplicado encontrado no índice 267: (40.7596403, -73.9681577)
      ==> Duplicado mantido (FORCE_UNIQUE_POINTS=False).

   [DEBUG] Ponto duplicado encontrado no índice 268: (40.7596403, -73.9681577)
      ==> Duplicado mantido (FORCE_UNIQUE_POINTS=False).

   [DEBUG] Ponto duplicado encontrado no índice 269: (40.7596403, -73.9681577)
      ==> Duplicado mantido (FORCE_UNIQUE_POINTS=False).

   [DEBUG] Ponto duplicado encontrado no índice 270: (40.7602134, -73.9695295)
      ==> Duplicado mantido (FORCE_UNIQUE_POINTS=False).

   [DEBUG] Ponto duplicado encontrado no índice 271: (40.7602134, -73.9695295)
      ==> Duplicado mantido (FORCE_UNIQUE_POINTS=False).

   [DEBUG] Ponto duplicado encontrado no índice 272: (40.7602134, -73.9695295)
      ==> Duplicado mantido (FORCE_UNIQUE_POINTS=False).

   [DEBUG] Ponto duplicado encontrado no índice 273: (40.7602134, -73.9695295)
      ==> Duplicado mantido (FORCE_UNIQUE_POINTS=False).

   [DEBUG] Ponto duplicado encontrado no índice 274: (40.7602134, -73.9695295)
      ==> Duplicado mantido (FORCE_UNIQUE_POINTS=False).

   [DEBUG] Ponto duplicado encontrado no índice 275: (40.7602134, -73.9695295)
      ==> Duplicado mantido (FORCE_UNIQUE_POINTS=False).

   [DEBUG] Ponto duplicado encontrado no índice 276: (40.7602134, -73.9695295)
      ==> Duplicado mantido (FORCE_UNIQUE_POINTS=False).

   [DEBUG] Ponto duplicado encontrado no índice 279: (40.7602986, -73.969731)
      ==> Duplicado mantido (FORCE_UNIQUE_POINTS=False).

   [DEBUG] Ponto duplicado encontrado no índice 280: (40.7602986, -73.969731)
      ==> Duplicado mantido (FORCE_UNIQUE_POINTS=False).

   [DEBUG] Ponto duplicado encontrado no índice 281: (40.7602986, -73.969731)
      ==> Duplicado mantido (FORCE_UNIQUE_POINTS=False).

   [DEBUG] Ponto duplicado encontrado no índice 282: (40.7602986, -73.969731)
      ==> Duplicado mantido (FORCE_UNIQUE_POINTS=False).

   [DEBUG] Ponto duplicado encontrado no índice 283: (40.7602986, -73.969731)
      ==> Duplicado mantido (FORCE_UNIQUE_POINTS=False).

   [DEBUG] Ponto duplicado encontrado no índice 285: (40.76086, -73.9710454)
      ==> Duplicado mantido (FORCE_UNIQUE_POINTS=False).

   [DEBUG] Ponto duplicado encontrado no índice 286: (40.76086, -73.9710454)
      ==> Duplicado mantido (FORCE_UNIQUE_POINTS=False).

   [DEBUG] Ponto duplicado encontrado no índice 287: (40.76086, -73.9710454)
      ==> Duplicado mantido (FORCE_UNIQUE_POINTS=False).

   [DEBUG] Ponto duplicado encontrado no índice 288: (40.76086, -73.9710454)
      ==> Duplicado mantido (FORCE_UNIQUE_POINTS=False).

   [DEBUG] Ponto duplicado encontrado no índice 289: (40.76086, -73.9710454)
      ==> Duplicado mantido (FORCE_UNIQUE_POINTS=False).

   [DEBUG] Ponto duplicado encontrado no índice 290: (40.76086, -73.9710454)
      ==> Duplicado mantido (FORCE_UNIQUE_POINTS=False).

   [DEBUG] Ponto duplicado encontrado no índice 291: (40.76086, -73.9710454)
      ==> Duplicado mantido (FORCE_UNIQUE_POINTS=False).

   [DEBUG] Ponto duplicado encontrado no índice 295: (40.7608083, -73.9712341)
      ==> Duplicado mantido (FORCE_UNIQUE_POINTS=False).

   [DEBUG] Ponto duplicado encontrado no índice 296: (40.7608083, -73.9712341)
      ==> Duplicado mantido (FORCE_UNIQUE_POINTS=False).

   [DEBUG] Ponto duplicado encontrado no índice 298: (40.7604546, -73.9717161)
      ==> Duplicado mantido (FORCE_UNIQUE_POINTS=False).
  📐 SUMO_carro_1000: Calculando distâncias com Haversine direto (SEM routing API)
      Original: 301 pontos → 3.1480 km (Haversine)
      Offset:   301 pontos → 3.3276 km (Haversine)

🚙 Veículo: SUMO_carro_1000
   Modelo: HBEFA4/PC_petrol_Euro-6ab
   Segmentos: 301
   📏 Distância: 3.159 km (city: 3.020, highway: 0.139)
   ⛽ Combustível: 51.224 l
   🏭 CO2 real: 118326.7 g
   🎯 CO2 meta: 608.1 g
   📊 Delta: -117718.6 g
   💰 Valor E1: R$ -5.8859
   🧭 Tentativas map matching: 303

   🔑 OFFSET DETERMINÍSTICO (x=-0.010908642750449877°, y=-0.00782851996610818°, max=2.0km):
   📍 Start Original:  (40.775644, -73.960687)
   🔒 Start Protegido: (40.764775, -73.968575) ✓ 1.38 km | ✓ MAP MATCHED
   📏 Deslocamento final: 1380.6 metros
   📍 End Original:    (40.771236, -73.963813)
   🔒 End Protegido:   (40.760289, -73.971613) ✓ 1.38 km | ✓ MAP MATCHED
   📏 Deslocamento final: 1384.7 metros

   📐 ANÁLISE DE DISTÂNCIA DO TRAJETO (HAVERSINE DOS PONTOS ARMAZENADOS):
   ✨ 225 pontos privados duplicados foram separados para garantir visualização 1:1.
   🔢 Pontos original/offset: 301/301 (Δ +0, +0.0% )
   📍 Trajeto original: 3.148 km (linha reta entre pontos GPS)
   🔒 Trajeto com offset: 3.328 km (linha reta entre pontos COM snap)
   📊 Diferença: +0.180 km (+5.7%)

======================================================================
📊 ESTATÍSTICAS FINAIS
======================================================================
Viagens processadas: 1
Distância total: 3.16 km
Combustível total: 51.22 l
CO2 real total: 118326.7 g
CO2 meta total: 608.1 g
Delta CO2: -117718.6 g
Valor E1 total: R$ -5.89

💰 Créditos: R$ 0.00
💸 Débitos: R$ 5.89
📈 Saldo líquido: R$ -5.89

🗺️  MAP MATCHING:
   Pontos processados: 301
   Snaps tentados: 301 (100.0%)
   Snaps bem-sucedidos: 301 (100.0%)
   Snaps forçados (>100m): 301 (100.0%)
   ✅ TODOS os pontos estão em ruas (FORCE_SNAP=True)
======================================================================

💾 Dados agregados salvos em: ../data/offset_batch/vehicles_step_sim_10/run_002.csv
[csv-worker_1] [vehicles_step_sim_10] ===== LOG RUN 002 FIM =====

[csv-worker_1] [vehicles_step_sim_10] ===== LOG RUN 003 INICIO =====
======================================================================
🚗 PROCESSAMENTO SUMO → E1 REGISTRY (OFFSET ALEATÓRIO - veh0)
======================================================================
📄 Entrada: ../data/vehicles_step_sim_10.csv
🏭 Consumo fabricante: 12.0 km/l
💰 Preço carbono: R$ 50.0/ton
⭕ Raio máximo do offset aleatório: 2.0 km
🎲 Offset gerado aleatoriamente:
   Ângulo: 200.1°
   Distância: 1.5794 km
   offset_x (lat): -0.013322°  |  offset_y (lon): -0.004882°
📊 Row stepping: Processando todas as linhas
🗺️  Map matching: ATIVADO (raio 1500m) - pontos snapped para ruas
📐 Cálculo de distância: HAVERSINE PURO dos pontos COM snap (consistência)
======================================================================

📊 Carregando dados SUMO...
   Total de registros no arquivo: 301
   Veículos únicos: 1
   🚙 Vehicle selecionado: carro_1000

🔄 Agregando viagens por vehicle_id...

   [DEBUG] Iniciando verificação de pontos duplicados para SUMO_carro_1000...

   [DEBUG] Ponto duplicado encontrado no índice 1: (40.7903654, -73.9695213)
      ==> Duplicado mantido (FORCE_UNIQUE_POINTS=False).

   [DEBUG] Ponto duplicado encontrado no índice 2: (40.7903654, -73.9695213)
      ==> Duplicado mantido (FORCE_UNIQUE_POINTS=False).

   [DEBUG] Ponto duplicado encontrado no índice 3: (40.7903654, -73.9695213)
      ==> Duplicado mantido (FORCE_UNIQUE_POINTS=False).

   [DEBUG] Ponto duplicado encontrado no índice 4: (40.7903654, -73.9695213)
      ==> Duplicado mantido (FORCE_UNIQUE_POINTS=False).

   [DEBUG] Ponto duplicado encontrado no índice 5: (40.7903654, -73.9695213)
      ==> Duplicado mantido (FORCE_UNIQUE_POINTS=False).

   [DEBUG] Ponto duplicado encontrado no índice 7: (40.7897438, -73.9699718)
      ==> Duplicado mantido (FORCE_UNIQUE_POINTS=False).

   [DEBUG] Ponto duplicado encontrado no índice 8: (40.7897438, -73.9699718)
      ==> Duplicado mantido (FORCE_UNIQUE_POINTS=False).

   [DEBUG] Ponto duplicado encontrado no índice 9: (40.7897438, -73.9699718)
      ==> Duplicado mantido (FORCE_UNIQUE_POINTS=False).

   [DEBUG] Ponto duplicado encontrado no índice 10: (40.7897438, -73.9699718)
      ==> Duplicado mantido (FORCE_UNIQUE_POINTS=False).

   [DEBUG] Ponto duplicado encontrado no índice 11: (40.7897438, -73.9699718)
      ==> Duplicado mantido (FORCE_UNIQUE_POINTS=False).

   [DEBUG] Ponto duplicado encontrado no índice 12: (40.7897438, -73.9699718)
      ==> Duplicado mantido (FORCE_UNIQUE_POINTS=False).

   [DEBUG] Ponto duplicado encontrado no índice 13: (40.7897438, -73.9699718)
      ==> Duplicado mantido (FORCE_UNIQUE_POINTS=False).

   [DEBUG] Ponto duplicado encontrado no índice 14: (40.7897438, -73.9699718)
      ==> Duplicado mantido (FORCE_UNIQUE_POINTS=False).

   [DEBUG] Ponto duplicado encontrado no índice 15: (40.7897438, -73.9699718)
      ==> Duplicado mantido (FORCE_UNIQUE_POINTS=False).

   [DEBUG] Ponto duplicado encontrado no índice 16: (40.7897438, -73.9699718)
      ==> Duplicado mantido (FORCE_UNIQUE_POINTS=False).

   [DEBUG] Ponto duplicado encontrado no índice 17: (40.7897438, -73.9699718)
      ==> Duplicado mantido (FORCE_UNIQUE_POINTS=False).

   [DEBUG] Ponto duplicado encontrado no índice 18: (40.7897438, -73.9699718)
      ==> Duplicado mantido (FORCE_UNIQUE_POINTS=False).

   [DEBUG] Ponto duplicado encontrado no índice 19: (40.7897438, -73.9699718)
      ==> Duplicado mantido (FORCE_UNIQUE_POINTS=False).

   [DEBUG] Ponto duplicado encontrado no índice 20: (40.7897438, -73.9699718)
      ==> Duplicado mantido (FORCE_UNIQUE_POINTS=False).

   [DEBUG] Ponto duplicado encontrado no índice 21: (40.7897438, -73.9699718)
      ==> Duplicado mantido (FORCE_UNIQUE_POINTS=False).

   [DEBUG] Ponto duplicado encontrado no índice 23: (40.7896233, -73.96992)
      ==> Duplicado mantido (FORCE_UNIQUE_POINTS=False).

   [DEBUG] Ponto duplicado encontrado no índice 25: (40.7896378, -73.9697186)
      ==> Duplicado mantido (FORCE_UNIQUE_POINTS=False).

   [DEBUG] Ponto duplicado encontrado no índice 26: (40.7896378, -73.9697186)
      ==> Duplicado mantido (FORCE_UNIQUE_POINTS=False).

   [DEBUG] Ponto duplicado encontrado no índice 27: (40.7896378, -73.9697186)
      ==> Duplicado mantido (FORCE_UNIQUE_POINTS=False).

   [DEBUG] Ponto duplicado encontrado no índice 28: (40.7896378, -73.9697186)
      ==> Duplicado mantido (FORCE_UNIQUE_POINTS=False).

   [DEBUG] Ponto duplicado encontrado no índice 29: (40.7896378, -73.9697186)
      ==> Duplicado mantido (FORCE_UNIQUE_POINTS=False).

   [DEBUG] Ponto duplicado encontrado no índice 30: (40.7896378, -73.9697186)
      ==> Duplicado mantido (FORCE_UNIQUE_POINTS=False).

   [DEBUG] Ponto duplicado encontrado no índice 31: (40.7896378, -73.9697186)
      ==> Duplicado mantido (FORCE_UNIQUE_POINTS=False).

   [DEBUG] Ponto duplicado encontrado no índice 32: (40.7896378, -73.9697186)
      ==> Duplicado mantido (FORCE_UNIQUE_POINTS=False).

   [DEBUG] Ponto duplicado encontrado no índice 33: (40.7896378, -73.9697186)
      ==> Duplicado mantido (FORCE_UNIQUE_POINTS=False).

   [DEBUG] Ponto duplicado encontrado no índice 34: (40.7896378, -73.9697186)
      ==> Duplicado mantido (FORCE_UNIQUE_POINTS=False).

   [DEBUG] Ponto duplicado encontrado no índice 36: (40.7885475, -73.9671364)
      ==> Duplicado mantido (FORCE_UNIQUE_POINTS=False).

   [DEBUG] Ponto duplicado encontrado no índice 37: (40.7885475, -73.9671364)
      ==> Duplicado mantido (FORCE_UNIQUE_POINTS=False).

   [DEBUG] Ponto duplicado encontrado no índice 38: (40.7885475, -73.9671364)
      ==> Duplicado mantido (FORCE_UNIQUE_POINTS=False).

   [DEBUG] Ponto duplicado encontrado no índice 39: (40.7885475, -73.9671364)
      ==> Duplicado mantido (FORCE_UNIQUE_POINTS=False).

   [DEBUG] Ponto duplicado encontrado no índice 40: (40.7885475, -73.9671364)
      ==> Duplicado mantido (FORCE_UNIQUE_POINTS=False).

   [DEBUG] Ponto duplicado encontrado no índice 41: (40.7885475, -73.9671364)
      ==> Duplicado mantido (FORCE_UNIQUE_POINTS=False).

   [DEBUG] Ponto duplicado encontrado no índice 42: (40.7885475, -73.9671364)
      ==> Duplicado mantido (FORCE_UNIQUE_POINTS=False).

   [DEBUG] Ponto duplicado encontrado no índice 43: (40.7885475, -73.9671364)
      ==> Duplicado mantido (FORCE_UNIQUE_POINTS=False).

   [DEBUG] Ponto duplicado encontrado no índice 44: (40.7885475, -73.9671364)
      ==> Duplicado mantido (FORCE_UNIQUE_POINTS=False).

   [DEBUG] Ponto duplicado encontrado no índice 45: (40.7885475, -73.9671364)
      ==> Duplicado mantido (FORCE_UNIQUE_POINTS=False).

   [DEBUG] Ponto duplicado encontrado no índice 46: (40.7885475, -73.9671364)
      ==> Duplicado mantido (FORCE_UNIQUE_POINTS=False).

   [DEBUG] Ponto duplicado encontrado no índice 49: (40.7891709, -73.9666796)
      ==> Duplicado mantido (FORCE_UNIQUE_POINTS=False).

   [DEBUG] Ponto duplicado encontrado no índice 50: (40.7891709, -73.9666796)
      ==> Duplicado mantido (FORCE_UNIQUE_POINTS=False).

   [DEBUG] Ponto duplicado encontrado no índice 51: (40.7891709, -73.9666796)
      ==> Duplicado mantido (FORCE_UNIQUE_POINTS=False).

   [DEBUG] Ponto duplicado encontrado no índice 52: (40.7891709, -73.9666796)
      ==> Duplicado mantido (FORCE_UNIQUE_POINTS=False).

   [DEBUG] Ponto duplicado encontrado no índice 53: (40.7891709, -73.9666796)
      ==> Duplicado mantido (FORCE_UNIQUE_POINTS=False).

   [DEBUG] Ponto duplicado encontrado no índice 54: (40.7891709, -73.9666796)
      ==> Duplicado mantido (FORCE_UNIQUE_POINTS=False).

   [DEBUG] Ponto duplicado encontrado no índice 55: (40.7891709, -73.9666796)
      ==> Duplicado mantido (FORCE_UNIQUE_POINTS=False).

   [DEBUG] Ponto duplicado encontrado no índice 56: (40.7891709, -73.9666796)
      ==> Duplicado mantido (FORCE_UNIQUE_POINTS=False).

   [DEBUG] Ponto duplicado encontrado no índice 58: (40.7902558, -73.9692638)
      ==> Duplicado mantido (FORCE_UNIQUE_POINTS=False).

   [DEBUG] Ponto duplicado encontrado no índice 59: (40.7902558, -73.9692638)
      ==> Duplicado mantido (FORCE_UNIQUE_POINTS=False).

   [DEBUG] Ponto duplicado encontrado no índice 60: (40.7902558, -73.9692638)
      ==> Duplicado mantido (FORCE_UNIQUE_POINTS=False).

   [DEBUG] Ponto duplicado encontrado no índice 61: (40.7902558, -73.9692638)
      ==> Duplicado mantido (FORCE_UNIQUE_POINTS=False).

   [DEBUG] Ponto duplicado encontrado no índice 62: (40.7902558, -73.9692638)
      ==> Duplicado mantido (FORCE_UNIQUE_POINTS=False).

   [DEBUG] Ponto duplicado encontrado no índice 63: (40.7902558, -73.9692638)
      ==> Duplicado mantido (FORCE_UNIQUE_POINTS=False).

   [DEBUG] Ponto duplicado encontrado no índice 64: (40.7902558, -73.9692638)
      ==> Duplicado mantido (FORCE_UNIQUE_POINTS=False).

   [DEBUG] Ponto duplicado encontrado no índice 65: (40.7902558, -73.9692638)
      ==> Duplicado mantido (FORCE_UNIQUE_POINTS=False).

   [DEBUG] Ponto duplicado encontrado no índice 67: (40.7903654, -73.9695213)
      ==> Duplicado mantido (FORCE_UNIQUE_POINTS=False).

   [DEBUG] Ponto duplicado encontrado no índice 68: (40.7903654, -73.9695213)
      ==> Duplicado mantido (FORCE_UNIQUE_POINTS=False).

   [DEBUG] Ponto duplicado encontrado no índice 69: (40.7903654, -73.9695213)
      ==> Duplicado mantido (FORCE_UNIQUE_POINTS=False).

   [DEBUG] Ponto duplicado encontrado no índice 70: (40.7903654, -73.9695213)
      ==> Duplicado mantido (FORCE_UNIQUE_POINTS=False).

   [DEBUG] Ponto duplicado encontrado no índice 71: (40.7903654, -73.9695213)
      ==> Duplicado mantido (FORCE_UNIQUE_POINTS=False).

   [DEBUG] Ponto duplicado encontrado no índice 72: (40.7903654, -73.9695213)
      ==> Duplicado mantido (FORCE_UNIQUE_POINTS=False).

   [DEBUG] Ponto duplicado encontrado no índice 73: (40.7903654, -73.9695213)
      ==> Duplicado mantido (FORCE_UNIQUE_POINTS=False).

   [DEBUG] Ponto duplicado encontrado no índice 74: (40.7903654, -73.9695213)
      ==> Duplicado mantido (FORCE_UNIQUE_POINTS=False).

   [DEBUG] Ponto duplicado encontrado no índice 75: (40.7903654, -73.9695213)
      ==> Duplicado mantido (FORCE_UNIQUE_POINTS=False).

   [DEBUG] Ponto duplicado encontrado no índice 76: (40.7903654, -73.9695213)
      ==> Duplicado mantido (FORCE_UNIQUE_POINTS=False).

   [DEBUG] Ponto duplicado encontrado no índice 77: (40.7903654, -73.9695213)
      ==> Duplicado mantido (FORCE_UNIQUE_POINTS=False).

   [DEBUG] Ponto duplicado encontrado no índice 78: (40.7903654, -73.9695213)
      ==> Duplicado mantido (FORCE_UNIQUE_POINTS=False).

   [DEBUG] Ponto duplicado encontrado no índice 79: (40.7903654, -73.9695213)
      ==> Duplicado mantido (FORCE_UNIQUE_POINTS=False).

   [DEBUG] Ponto duplicado encontrado no índice 80: (40.7903654, -73.9695213)
      ==> Duplicado mantido (FORCE_UNIQUE_POINTS=False).

   [DEBUG] Ponto duplicado encontrado no índice 81: (40.7897438, -73.9699718)
      ==> Duplicado mantido (FORCE_UNIQUE_POINTS=False).

   [DEBUG] Ponto duplicado encontrado no índice 82: (40.7897438, -73.9699718)
      ==> Duplicado mantido (FORCE_UNIQUE_POINTS=False).

   [DEBUG] Ponto duplicado encontrado no índice 83: (40.7897438, -73.9699718)
      ==> Duplicado mantido (FORCE_UNIQUE_POINTS=False).

   [DEBUG] Ponto duplicado encontrado no índice 84: (40.7897438, -73.9699718)
      ==> Duplicado mantido (FORCE_UNIQUE_POINTS=False).

   [DEBUG] Ponto duplicado encontrado no índice 85: (40.7897438, -73.9699718)
      ==> Duplicado mantido (FORCE_UNIQUE_POINTS=False).

   [DEBUG] Ponto duplicado encontrado no índice 86: (40.7897438, -73.9699718)
      ==> Duplicado mantido (FORCE_UNIQUE_POINTS=False).

   [DEBUG] Ponto duplicado encontrado no índice 87: (40.7897438, -73.9699718)
      ==> Duplicado mantido (FORCE_UNIQUE_POINTS=False).

   [DEBUG] Ponto duplicado encontrado no índice 88: (40.7897438, -73.9699718)
      ==> Duplicado mantido (FORCE_UNIQUE_POINTS=False).

   [DEBUG] Ponto duplicado encontrado no índice 89: (40.7897438, -73.9699718)
      ==> Duplicado mantido (FORCE_UNIQUE_POINTS=False).

   [DEBUG] Ponto duplicado encontrado no índice 90: (40.7897438, -73.9699718)
      ==> Duplicado mantido (FORCE_UNIQUE_POINTS=False).

   [DEBUG] Ponto duplicado encontrado no índice 91: (40.7897438, -73.9699718)
      ==> Duplicado mantido (FORCE_UNIQUE_POINTS=False).

   [DEBUG] Ponto duplicado encontrado no índice 92: (40.7897438, -73.9699718)
      ==> Duplicado mantido (FORCE_UNIQUE_POINTS=False).

   [DEBUG] Ponto duplicado encontrado no índice 93: (40.7897438, -73.9699718)
      ==> Duplicado mantido (FORCE_UNIQUE_POINTS=False).

   [DEBUG] Ponto duplicado encontrado no índice 94: (40.7897438, -73.9699718)
      ==> Duplicado mantido (FORCE_UNIQUE_POINTS=False).

   [DEBUG] Ponto duplicado encontrado no índice 95: (40.7896233, -73.96992)
      ==> Duplicado mantido (FORCE_UNIQUE_POINTS=False).

   [DEBUG] Ponto duplicado encontrado no índice 96: (40.7896233, -73.96992)
      ==> Duplicado mantido (FORCE_UNIQUE_POINTS=False).

   [DEBUG] Ponto duplicado encontrado no índice 97: (40.7896378, -73.9697186)
      ==> Duplicado mantido (FORCE_UNIQUE_POINTS=False).

   [DEBUG] Ponto duplicado encontrado no índice 98: (40.7896378, -73.9697186)
      ==> Duplicado mantido (FORCE_UNIQUE_POINTS=False).

   [DEBUG] Ponto duplicado encontrado no índice 99: (40.7896378, -73.9697186)
      ==> Duplicado mantido (FORCE_UNIQUE_POINTS=False).

   [DEBUG] Ponto duplicado encontrado no índice 100: (40.7896378, -73.9697186)
      ==> Duplicado mantido (FORCE_UNIQUE_POINTS=False).

   [DEBUG] Ponto duplicado encontrado no índice 101: (40.7896378, -73.9697186)
      ==> Duplicado mantido (FORCE_UNIQUE_POINTS=False).

   [DEBUG] Ponto duplicado encontrado no índice 102: (40.7896378, -73.9697186)
      ==> Duplicado mantido (FORCE_UNIQUE_POINTS=False).

   [DEBUG] Ponto duplicado encontrado no índice 103: (40.7896378, -73.9697186)
      ==> Duplicado mantido (FORCE_UNIQUE_POINTS=False).

   [DEBUG] Ponto duplicado encontrado no índice 104: (40.7896378, -73.9697186)
      ==> Duplicado mantido (FORCE_UNIQUE_POINTS=False).

   [DEBUG] Ponto duplicado encontrado no índice 106: (40.7889964, -73.9701843)
      ==> Duplicado mantido (FORCE_UNIQUE_POINTS=False).

   [DEBUG] Ponto duplicado encontrado no índice 107: (40.7889964, -73.9701843)
      ==> Duplicado mantido (FORCE_UNIQUE_POINTS=False).

   [DEBUG] Ponto duplicado encontrado no índice 108: (40.7889964, -73.9701843)
      ==> Duplicado mantido (FORCE_UNIQUE_POINTS=False).

   [DEBUG] Ponto duplicado encontrado no índice 109: (40.7889964, -73.9701843)
      ==> Duplicado mantido (FORCE_UNIQUE_POINTS=False).

   [DEBUG] Ponto duplicado encontrado no índice 110: (40.7889964, -73.9701843)
      ==> Duplicado mantido (FORCE_UNIQUE_POINTS=False).

   [DEBUG] Ponto duplicado encontrado no índice 112: (40.7883707, -73.9706375)
      ==> Duplicado mantido (FORCE_UNIQUE_POINTS=False).

   [DEBUG] Ponto duplicado encontrado no índice 113: (40.7883707, -73.9706375)
      ==> Duplicado mantido (FORCE_UNIQUE_POINTS=False).

   [DEBUG] Ponto duplicado encontrado no índice 114: (40.7883707, -73.9706375)
      ==> Duplicado mantido (FORCE_UNIQUE_POINTS=False).

   [DEBUG] Ponto duplicado encontrado no índice 115: (40.7883707, -73.9706375)
      ==> Duplicado mantido (FORCE_UNIQUE_POINTS=False).

   [DEBUG] Ponto duplicado encontrado no índice 117: (40.7877404, -73.9710964)
      ==> Duplicado mantido (FORCE_UNIQUE_POINTS=False).

   [DEBUG] Ponto duplicado encontrado no índice 118: (40.7877404, -73.9710964)
      ==> Duplicado mantido (FORCE_UNIQUE_POINTS=False).

   [DEBUG] Ponto duplicado encontrado no índice 119: (40.7877404, -73.9710964)
      ==> Duplicado mantido (FORCE_UNIQUE_POINTS=False).

   [DEBUG] Ponto duplicado encontrado no índice 120: (40.7877404, -73.9710964)
      ==> Duplicado mantido (FORCE_UNIQUE_POINTS=False).

   [DEBUG] Ponto duplicado encontrado no índice 121: (40.7877404, -73.9710964)
      ==> Duplicado mantido (FORCE_UNIQUE_POINTS=False).

   [DEBUG] Ponto duplicado encontrado no índice 122: (40.7877404, -73.9710964)
      ==> Duplicado mantido (FORCE_UNIQUE_POINTS=False).

   [DEBUG] Ponto duplicado encontrado no índice 123: (40.7877404, -73.9710964)
      ==> Duplicado mantido (FORCE_UNIQUE_POINTS=False).

   [DEBUG] Ponto duplicado encontrado no índice 124: (40.7877404, -73.9710964)
      ==> Duplicado mantido (FORCE_UNIQUE_POINTS=False).

   [DEBUG] Ponto duplicado encontrado no índice 126: (40.7877476, -73.9712741)
      ==> Duplicado mantido (FORCE_UNIQUE_POINTS=False).

   [DEBUG] Ponto duplicado encontrado no índice 128: (40.7878474, -73.9713515)
      ==> Duplicado mantido (FORCE_UNIQUE_POINTS=False).

   [DEBUG] Ponto duplicado encontrado no índice 129: (40.7878474, -73.9713515)
      ==> Duplicado mantido (FORCE_UNIQUE_POINTS=False).

   [DEBUG] Ponto duplicado encontrado no índice 130: (40.7878474, -73.9713515)
      ==> Duplicado mantido (FORCE_UNIQUE_POINTS=False).
  📐 SUMO_carro_1000: Calculando distâncias com Haversine direto (SEM routing API)
      Original: 131 pontos → 1.4055 km (Haversine)
      Offset:   131 pontos → 1.0985 km (Haversine)

🚙 Veículo: SUMO_carro_1000
   Modelo: HBEFA4/PC_petrol_Euro-6ab
   Segmentos: 131
   📏 Distância: 1.410 km (city: 1.410, highway: 0.000)
   ⛽ Combustível: 12.456 l
   🏭 CO2 real: 28774.3 g
   🎯 CO2 meta: 271.4 g
   📊 Delta: -28502.9 g
   💰 Valor E1: R$ -1.4251
   🧭 Tentativas map matching: 133

   🔑 OFFSET DETERMINÍSTICO (x=0.01495877203470895°, y=-0.009767670065084217°, max=2.0km):
   📍 Start Original:  (40.775644, -73.960687)
   🔒 Start Protegido: (40.790365, -73.969521) ✓ 1.86 km | ✓ MAP MATCHED
   📏 Deslocamento final: 1800.1 metros
   📍 End Original:    (40.772974, -73.962198)
   🔒 End Protegido:   (40.787847, -73.971351) ✓ 1.86 km | ✓ MAP MATCHED
   📏 Deslocamento final: 1826.7 metros

   📐 ANÁLISE DE DISTÂNCIA DO TRAJETO (HAVERSINE DOS PONTOS ARMAZENADOS):
   ✨ 117 pontos privados duplicados foram separados para garantir visualização 1:1.
   🔢 Pontos original/offset: 131/131 (Δ +0, +0.0% )
   📍 Trajeto original: 1.405 km (linha reta entre pontos GPS)
   🔒 Trajeto com offset: 1.098 km (linha reta entre pontos COM snap)
   📊 Diferença: -0.307 km (-21.8%)

======================================================================
📊 ESTATÍSTICAS FINAIS
======================================================================
Viagens processadas: 1
Distância total: 1.41 km
Combustível total: 12.46 l
CO2 real total: 28774.3 g
CO2 meta total: 271.4 g
Delta CO2: -28502.9 g
Valor E1 total: R$ -1.43

💰 Créditos: R$ 0.00
💸 Débitos: R$ 1.43
📈 Saldo líquido: R$ -1.43

🗺️  MAP MATCHING:
   Pontos processados: 131
   Snaps tentados: 131 (100.0%)
   Snaps bem-sucedidos: 131 (100.0%)
   Snaps forçados (>100m): 131 (100.0%)
   ✅ TODOS os pontos estão em ruas (FORCE_SNAP=True)
======================================================================

💾 Dados agregados salvos em: ../data/offset_batch/vehicles_step_sim_10/run_003.csv
[csv-worker_1] [vehicles_step_sim_10] ===== LOG RUN 003 FIM =====

==========================================================================================
INICIO CSV: vehicles_step_sim_10 | runs=100 | source=vehicles_step_sim_10.csv
==========================================================================================

==========================================================================================
INICIO CSV: vehicles_step_sim_10 | runs=100 | source=vehicles_step_sim_10.csv
==========================================================================================
