
==========================================================================================
INICIO CSV: vehicles_step_sim_1 | runs=1 | source=vehicles_step_sim_1.csv
==========================================================================================

[csv-worker_0] [vehicles_step_sim_1] ===== LOG RUN 001 INICIO =====
======================================================================
🚗 PROCESSAMENTO SUMO → E1 REGISTRY (OFFSET ALEATÓRIO - veh0)
======================================================================
📄 Entrada: data/_diag_input/vehicles_step_sim_1.csv
🏭 Consumo fabricante: 12.0 km/l
💰 Preço carbono: R$ 50.0/ton
⭕ Raio máximo do offset aleatório: 2.0 km
🎲 Offset gerado aleatoriamente:
   Ângulo: 175.0°
   Distância: 1.9196 km
   offset_x (lat): -0.017177°  |  offset_y (lon): 0.001517°
📊 Row stepping: Processando todas as linhas
🗺️  Map matching: DESATIVADO
📐 Cálculo de distância: HAVERSINE PURO dos pontos COM snap (consistência)
======================================================================

📊 Carregando dados SUMO...
   Total de registros no arquivo: 323
   Veículos únicos: 1
   🚙 Vehicle selecionado: carro_1000

🔄 Agregando viagens por vehicle_id...
  📐 SUMO_carro_1000: Calculando distâncias com Haversine direto (SEM routing API)
      Original: 323 pontos → 2.9161 km (Haversine)
      Offset:   323 pontos → 2.9164 km (Haversine)

🚙 Veículo: SUMO_carro_1000
   Modelo: HBEFA4/PC_petrol_Euro-6ab
   Segmentos: 323
   📏 Distância: 2.926 km (city: 2.764, highway: 0.161)
   ⛽ Combustível: 54.094 l
   🏭 CO2 real: 124958.0 g
   🎯 CO2 meta: 563.2 g
   📊 Delta: -124394.9 g
   💰 Valor E1: R$ -6.2197
   🧭 Tentativas map matching: 0

   🔑 OFFSET DETERMINÍSTICO (x=-0.017177417455492342°, y=0.0015169071384244488°, max=2.0km):
   📍 Start Original:  (40.775644, -73.960687)
   🔒 Start Protegido: (40.758466, -73.959170) ✓ 1.92 km | ⚠ SEM MAP MATCHING
   📏 Deslocamento final: 1916.5 metros
   📍 End Original:    (40.774046, -73.961617)
   🔒 End Protegido:   (40.756868, -73.960100) ✓ 1.92 km | ⚠ SEM MAP MATCHING
   📏 Deslocamento final: 1916.5 metros

   📐 ANÁLISE DE DISTÂNCIA DO TRAJETO (HAVERSINE DOS PONTOS ARMAZENADOS):
   🔢 Pontos unicos original/offset: 320/320 (Δ +0, +0.0% )
   📍 Trajeto original: 2.916 km (linha reta entre pontos GPS)
   🔒 Trajeto com offset: 2.916 km (linha reta entre pontos COM snap)
   📊 Diferença: +0.000 km (+0.0%)

======================================================================
📊 ESTATÍSTICAS FINAIS
======================================================================
Viagens processadas: 1
Distância total: 2.93 km
Combustível total: 54.09 l
CO2 real total: 124958.0 g
CO2 meta total: 563.2 g
Delta CO2: -124394.9 g
Valor E1 total: R$ -6.22

💰 Créditos: R$ 0.00
💸 Débitos: R$ 6.22
📈 Saldo líquido: R$ -6.22
======================================================================

💾 Dados agregados salvos em: data/_diag_output/vehicles_step_sim_1/run_001.csv
[csv-worker_0] [vehicles_step_sim_1] ===== LOG RUN 001 FIM =====

FIM CSV: vehicles_step_sim_1
