⚠️  osmnx não instalado. Map matching desabilitado.
   Instale com: pip install osmnx

⚙️  Opções de log: debug_map_matching=True | heartbeat=0s

======================================================================
🚀 MODO LOTE PARALELO
======================================================================
📂 Diretório de entrada: data/_diag_input
💾 Diretório de saída: data/_diag_output
📄 CSVs encontrados: 1
🔁 Execuções por CSV: 1
🧵 Workers: 1 (1 por CSV)
📦 Total de tarefas: 1 arquivos (cada worker executa 1 runs)
======================================================================
   01. vehicles_step_sim_1.csv

[csv-worker_0] iniciou arquivo vehicles_step_sim_1 (1 runs)

[csv-worker_0] [vehicles_step_sim_1] ▶ run 001/001 (100.0% do worker neste CSV)
[csv-worker_0] [vehicles_step_sim_1] ✅ run 001/001 finalizada (log em data/_diag_output/_logs/csv-worker_0.log)
[csv-worker_0] finalizou arquivo vehicles_step_sim_1
⏱️  Progresso de arquivos: 1/1 | vehicles_step_sim_1 concluído por [csv-worker_0]

======================================================================
✅ PROCESSAMENTO LOTE CONCLUÍDO
======================================================================

💾 Dados agregados salvos em: data/_diag_output/all_runs_consolidated.csv
💾 Trajetos individuais salvos em: data/_diag_output/all_runs_trajectories
💾 Índice de trajetos salvo em: data/_diag_output/all_runs_trajectories/index.json
💾 Análise de distâncias salva em: data/_diag_output/all_runs_distance_analysis.csv

📊 ESTATÍSTICAS DE DIFERENÇA DE DISTÂNCIA:
   Diferença média: +0.000 km (+0.01%)
   Diferença máxima: +0.000 km
   Diferença mínima: +0.000 km
   Desvio padrão: nan km
📊 Registros consolidados: 1
